------------------------------------------------------------
Timing Analyzer Summary
------------------------------------------------------------

Type  : Slow 1100mV 85C Model Setup 'VGA_SYNC_12:inst13|vert_sync_out'
Slack : -9.592
TNS   : -350.993

Type  : Slow 1100mV 85C Model Setup 'MOUSE:inst7|MOUSE_CLK_FILTER'
Slack : -8.326
TNS   : -279.008

Type  : Slow 1100mV 85C Model Setup 'inst|pll_inst|altera_pll_i|general[0].gpll~PLL_OUTPUT_COUNTER|divclk'
Slack : -6.590
TNS   : -255.827

Type  : Slow 1100mV 85C Model Hold 'inst|pll_inst|altera_pll_i|general[0].gpll~PLL_OUTPUT_COUNTER|divclk'
Slack : 0.277
TNS   : 0.000

Type  : Slow 1100mV 85C Model Hold 'MOUSE:inst7|MOUSE_CLK_FILTER'
Slack : 0.635
TNS   : 0.000

Type  : Slow 1100mV 85C Model Hold 'VGA_SYNC_12:inst13|vert_sync_out'
Slack : 0.849
TNS   : 0.000

Type  : Slow 1100mV 85C Model Recovery 'MOUSE:inst7|MOUSE_CLK_FILTER'
Slack : -6.991
TNS   : -106.380

Type  : Slow 1100mV 85C Model Removal 'MOUSE:inst7|MOUSE_CLK_FILTER'
Slack : 5.555
TNS   : 0.000

Type  : Slow 1100mV 85C Model Minimum Pulse Width 'VGA_SYNC_12:inst13|vert_sync_out'
Slack : -0.538
TNS   : -62.760

Type  : Slow 1100mV 85C Model Minimum Pulse Width 'MOUSE:inst7|MOUSE_CLK_FILTER'
Slack : -0.538
TNS   : -28.213

Type  : Slow 1100mV 85C Model Minimum Pulse Width 'inst|pll_inst|altera_pll_i|general[0].gpll~FRACTIONAL_PLL|vcoph[0]'
Slack : 1.666
TNS   : 0.000

Type  : Slow 1100mV 85C Model Minimum Pulse Width 'CLOCK_50'
Slack : 9.949
TNS   : 0.000

Type  : Slow 1100mV 85C Model Minimum Pulse Width 'inst|pll_inst|altera_pll_i|general[0].gpll~PLL_OUTPUT_COUNTER|divclk'
Slack : 18.595
TNS   : 0.000

Type  : Slow 1100mV 0C Model Setup 'VGA_SYNC_12:inst13|vert_sync_out'
Slack : -9.793
TNS   : -354.830

Type  : Slow 1100mV 0C Model Setup 'MOUSE:inst7|MOUSE_CLK_FILTER'
Slack : -8.229
TNS   : -274.741

Type  : Slow 1100mV 0C Model Setup 'inst|pll_inst|altera_pll_i|general[0].gpll~PLL_OUTPUT_COUNTER|divclk'
Slack : -5.995
TNS   : -231.569

Type  : Slow 1100mV 0C Model Hold 'inst|pll_inst|altera_pll_i|general[0].gpll~PLL_OUTPUT_COUNTER|divclk'
Slack : 0.090
TNS   : 0.000

Type  : Slow 1100mV 0C Model Hold 'MOUSE:inst7|MOUSE_CLK_FILTER'
Slack : 0.647
TNS   : 0.000

Type  : Slow 1100mV 0C Model Hold 'VGA_SYNC_12:inst13|vert_sync_out'
Slack : 0.856
TNS   : 0.000

Type  : Slow 1100mV 0C Model Recovery 'MOUSE:inst7|MOUSE_CLK_FILTER'
Slack : -6.930
TNS   : -105.832

Type  : Slow 1100mV 0C Model Removal 'MOUSE:inst7|MOUSE_CLK_FILTER'
Slack : 5.706
TNS   : 0.000

Type  : Slow 1100mV 0C Model Minimum Pulse Width 'VGA_SYNC_12:inst13|vert_sync_out'
Slack : -0.538
TNS   : -62.349

Type  : Slow 1100mV 0C Model Minimum Pulse Width 'MOUSE:inst7|MOUSE_CLK_FILTER'
Slack : -0.538
TNS   : -27.490

Type  : Slow 1100mV 0C Model Minimum Pulse Width 'inst|pll_inst|altera_pll_i|general[0].gpll~FRACTIONAL_PLL|vcoph[0]'
Slack : 1.666
TNS   : 0.000

Type  : Slow 1100mV 0C Model Minimum Pulse Width 'CLOCK_50'
Slack : 9.980
TNS   : 0.000

Type  : Slow 1100mV 0C Model Minimum Pulse Width 'inst|pll_inst|altera_pll_i|general[0].gpll~PLL_OUTPUT_COUNTER|divclk'
Slack : 18.555
TNS   : 0.000

Type  : Fast 1100mV 85C Model Setup 'VGA_SYNC_12:inst13|vert_sync_out'
Slack : -4.305
TNS   : -159.768

Type  : Fast 1100mV 85C Model Setup 'inst|pll_inst|altera_pll_i|general[0].gpll~PLL_OUTPUT_COUNTER|divclk'
Slack : -4.018
TNS   : -158.280

Type  : Fast 1100mV 85C Model Setup 'MOUSE:inst7|MOUSE_CLK_FILTER'
Slack : -3.827
TNS   : -127.149

Type  : Fast 1100mV 85C Model Hold 'inst|pll_inst|altera_pll_i|general[0].gpll~PLL_OUTPUT_COUNTER|divclk'
Slack : 0.151
TNS   : 0.000

Type  : Fast 1100mV 85C Model Hold 'MOUSE:inst7|MOUSE_CLK_FILTER'
Slack : 0.304
TNS   : 0.000

Type  : Fast 1100mV 85C Model Hold 'VGA_SYNC_12:inst13|vert_sync_out'
Slack : 0.443
TNS   : 0.000

Type  : Fast 1100mV 85C Model Recovery 'MOUSE:inst7|MOUSE_CLK_FILTER'
Slack : -3.236
TNS   : -48.251

Type  : Fast 1100mV 85C Model Removal 'MOUSE:inst7|MOUSE_CLK_FILTER'
Slack : 2.796
TNS   : 0.000

Type  : Fast 1100mV 85C Model Minimum Pulse Width 'VGA_SYNC_12:inst13|vert_sync_out'
Slack : -0.041
TNS   : -0.723

Type  : Fast 1100mV 85C Model Minimum Pulse Width 'MOUSE:inst7|MOUSE_CLK_FILTER'
Slack : 0.104
TNS   : 0.000

Type  : Fast 1100mV 85C Model Minimum Pulse Width 'inst|pll_inst|altera_pll_i|general[0].gpll~FRACTIONAL_PLL|vcoph[0]'
Slack : 1.666
TNS   : 0.000

Type  : Fast 1100mV 85C Model Minimum Pulse Width 'CLOCK_50'
Slack : 9.643
TNS   : 0.000

Type  : Fast 1100mV 85C Model Minimum Pulse Width 'inst|pll_inst|altera_pll_i|general[0].gpll~PLL_OUTPUT_COUNTER|divclk'
Slack : 18.893
TNS   : 0.000

Type  : Fast 1100mV 0C Model Setup 'VGA_SYNC_12:inst13|vert_sync_out'
Slack : -4.091
TNS   : -145.431

Type  : Fast 1100mV 0C Model Setup 'MOUSE:inst7|MOUSE_CLK_FILTER'
Slack : -3.652
TNS   : -121.657

Type  : Fast 1100mV 0C Model Setup 'inst|pll_inst|altera_pll_i|general[0].gpll~PLL_OUTPUT_COUNTER|divclk'
Slack : -3.123
TNS   : -121.727

Type  : Fast 1100mV 0C Model Hold 'inst|pll_inst|altera_pll_i|general[0].gpll~PLL_OUTPUT_COUNTER|divclk'
Slack : 0.017
TNS   : 0.000

Type  : Fast 1100mV 0C Model Hold 'MOUSE:inst7|MOUSE_CLK_FILTER'
Slack : 0.272
TNS   : 0.000

Type  : Fast 1100mV 0C Model Hold 'VGA_SYNC_12:inst13|vert_sync_out'
Slack : 0.402
TNS   : 0.000

Type  : Fast 1100mV 0C Model Recovery 'MOUSE:inst7|MOUSE_CLK_FILTER'
Slack : -3.122
TNS   : -46.871

Type  : Fast 1100mV 0C Model Removal 'MOUSE:inst7|MOUSE_CLK_FILTER'
Slack : 2.776
TNS   : 0.000

Type  : Fast 1100mV 0C Model Minimum Pulse Width 'VGA_SYNC_12:inst13|vert_sync_out'
Slack : 0.001
TNS   : 0.000

Type  : Fast 1100mV 0C Model Minimum Pulse Width 'MOUSE:inst7|MOUSE_CLK_FILTER'
Slack : 0.095
TNS   : 0.000

Type  : Fast 1100mV 0C Model Minimum Pulse Width 'inst|pll_inst|altera_pll_i|general[0].gpll~FRACTIONAL_PLL|vcoph[0]'
Slack : 1.666
TNS   : 0.000

Type  : Fast 1100mV 0C Model Minimum Pulse Width 'CLOCK_50'
Slack : 9.632
TNS   : 0.000

Type  : Fast 1100mV 0C Model Minimum Pulse Width 'inst|pll_inst|altera_pll_i|general[0].gpll~PLL_OUTPUT_COUNTER|divclk'
Slack : 18.893
TNS   : 0.000

------------------------------------------------------------
