------------------------------------------------------------
Timing Analyzer Summary
------------------------------------------------------------

Type  : Slow 1100mV 85C Model Setup 'MOUSE:inst7|MOUSE_CLK_FILTER'
Slack : -9.192
TNS   : -276.912

Type  : Slow 1100mV 85C Model Setup 'VGA_SYNC_12:inst13|vert_sync_out'
Slack : -8.492
TNS   : -326.929

Type  : Slow 1100mV 85C Model Setup 'inst|pll_inst|altera_pll_i|general[0].gpll~PLL_OUTPUT_COUNTER|divclk'
Slack : -5.432
TNS   : -110.782

Type  : Slow 1100mV 85C Model Hold 'inst|pll_inst|altera_pll_i|general[0].gpll~PLL_OUTPUT_COUNTER|divclk'
Slack : -5.199
TNS   : -30.829

Type  : Slow 1100mV 85C Model Hold 'VGA_SYNC_12:inst13|vert_sync_out'
Slack : 0.452
TNS   : 0.000

Type  : Slow 1100mV 85C Model Hold 'MOUSE:inst7|MOUSE_CLK_FILTER'
Slack : 0.774
TNS   : 0.000

Type  : Slow 1100mV 85C Model Recovery 'MOUSE:inst7|MOUSE_CLK_FILTER'
Slack : -7.182
TNS   : -113.529

Type  : Slow 1100mV 85C Model Removal 'MOUSE:inst7|MOUSE_CLK_FILTER'
Slack : 6.046
TNS   : 0.000

Type  : Slow 1100mV 85C Model Minimum Pulse Width 'VGA_SYNC_12:inst13|vert_sync_out'
Slack : -0.538
TNS   : -69.244

Type  : Slow 1100mV 85C Model Minimum Pulse Width 'MOUSE:inst7|MOUSE_CLK_FILTER'
Slack : -0.538
TNS   : -28.316

Type  : Slow 1100mV 85C Model Minimum Pulse Width 'inst|pll_inst|altera_pll_i|general[0].gpll~FRACTIONAL_PLL|vcoph[0]'
Slack : 1.666
TNS   : 0.000

Type  : Slow 1100mV 85C Model Minimum Pulse Width 'CLOCK_50'
Slack : 9.949
TNS   : 0.000

Type  : Slow 1100mV 85C Model Minimum Pulse Width 'inst|pll_inst|altera_pll_i|general[0].gpll~PLL_OUTPUT_COUNTER|divclk'
Slack : 18.597
TNS   : 0.000

Type  : Slow 1100mV 0C Model Setup 'MOUSE:inst7|MOUSE_CLK_FILTER'
Slack : -8.826
TNS   : -271.321

Type  : Slow 1100mV 0C Model Setup 'VGA_SYNC_12:inst13|vert_sync_out'
Slack : -8.597
TNS   : -332.197

Type  : Slow 1100mV 0C Model Setup 'inst|pll_inst|altera_pll_i|general[0].gpll~PLL_OUTPUT_COUNTER|divclk'
Slack : -4.989
TNS   : -100.302

Type  : Slow 1100mV 0C Model Hold 'inst|pll_inst|altera_pll_i|general[0].gpll~PLL_OUTPUT_COUNTER|divclk'
Slack : -5.201
TNS   : -38.019

Type  : Slow 1100mV 0C Model Hold 'VGA_SYNC_12:inst13|vert_sync_out'
Slack : 0.413
TNS   : 0.000

Type  : Slow 1100mV 0C Model Hold 'MOUSE:inst7|MOUSE_CLK_FILTER'
Slack : 0.811
TNS   : 0.000

Type  : Slow 1100mV 0C Model Recovery 'MOUSE:inst7|MOUSE_CLK_FILTER'
Slack : -7.140
TNS   : -112.354

Type  : Slow 1100mV 0C Model Removal 'MOUSE:inst7|MOUSE_CLK_FILTER'
Slack : 6.160
TNS   : 0.000

Type  : Slow 1100mV 0C Model Minimum Pulse Width 'VGA_SYNC_12:inst13|vert_sync_out'
Slack : -0.538
TNS   : -68.617

Type  : Slow 1100mV 0C Model Minimum Pulse Width 'MOUSE:inst7|MOUSE_CLK_FILTER'
Slack : -0.538
TNS   : -27.183

Type  : Slow 1100mV 0C Model Minimum Pulse Width 'inst|pll_inst|altera_pll_i|general[0].gpll~FRACTIONAL_PLL|vcoph[0]'
Slack : 1.666
TNS   : 0.000

Type  : Slow 1100mV 0C Model Minimum Pulse Width 'CLOCK_50'
Slack : 9.980
TNS   : 0.000

Type  : Slow 1100mV 0C Model Minimum Pulse Width 'inst|pll_inst|altera_pll_i|general[0].gpll~PLL_OUTPUT_COUNTER|divclk'
Slack : 18.563
TNS   : 0.000

Type  : Fast 1100mV 85C Model Setup 'MOUSE:inst7|MOUSE_CLK_FILTER'
Slack : -5.216
TNS   : -128.138

Type  : Fast 1100mV 85C Model Setup 'VGA_SYNC_12:inst13|vert_sync_out'
Slack : -3.936
TNS   : -136.495

Type  : Fast 1100mV 85C Model Setup 'inst|pll_inst|altera_pll_i|general[0].gpll~PLL_OUTPUT_COUNTER|divclk'
Slack : -3.222
TNS   : -65.796

Type  : Fast 1100mV 85C Model Hold 'inst|pll_inst|altera_pll_i|general[0].gpll~PLL_OUTPUT_COUNTER|divclk'
Slack : -2.418
TNS   : -16.317

Type  : Fast 1100mV 85C Model Hold 'VGA_SYNC_12:inst13|vert_sync_out'
Slack : 0.127
TNS   : 0.000

Type  : Fast 1100mV 85C Model Hold 'MOUSE:inst7|MOUSE_CLK_FILTER'
Slack : 0.352
TNS   : 0.000

Type  : Fast 1100mV 85C Model Recovery 'MOUSE:inst7|MOUSE_CLK_FILTER'
Slack : -3.336
TNS   : -52.522

Type  : Fast 1100mV 85C Model Removal 'MOUSE:inst7|MOUSE_CLK_FILTER'
Slack : 3.063
TNS   : 0.000

Type  : Fast 1100mV 85C Model Minimum Pulse Width 'VGA_SYNC_12:inst13|vert_sync_out'
Slack : -0.001
TNS   : -0.001

Type  : Fast 1100mV 85C Model Minimum Pulse Width 'MOUSE:inst7|MOUSE_CLK_FILTER'
Slack : 0.125
TNS   : 0.000

Type  : Fast 1100mV 85C Model Minimum Pulse Width 'inst|pll_inst|altera_pll_i|general[0].gpll~FRACTIONAL_PLL|vcoph[0]'
Slack : 1.666
TNS   : 0.000

Type  : Fast 1100mV 85C Model Minimum Pulse Width 'CLOCK_50'
Slack : 9.643
TNS   : 0.000

Type  : Fast 1100mV 85C Model Minimum Pulse Width 'inst|pll_inst|altera_pll_i|general[0].gpll~PLL_OUTPUT_COUNTER|divclk'
Slack : 18.893
TNS   : 0.000

Type  : Fast 1100mV 0C Model Setup 'MOUSE:inst7|MOUSE_CLK_FILTER'
Slack : -4.483
TNS   : -122.065

Type  : Fast 1100mV 0C Model Setup 'VGA_SYNC_12:inst13|vert_sync_out'
Slack : -3.732
TNS   : -123.869

Type  : Fast 1100mV 0C Model Setup 'inst|pll_inst|altera_pll_i|general[0].gpll~PLL_OUTPUT_COUNTER|divclk'
Slack : -2.465
TNS   : -49.836

Type  : Fast 1100mV 0C Model Hold 'inst|pll_inst|altera_pll_i|general[0].gpll~PLL_OUTPUT_COUNTER|divclk'
Slack : -2.375
TNS   : -21.452

Type  : Fast 1100mV 0C Model Hold 'VGA_SYNC_12:inst13|vert_sync_out'
Slack : 0.105
TNS   : 0.000

Type  : Fast 1100mV 0C Model Hold 'MOUSE:inst7|MOUSE_CLK_FILTER'
Slack : 0.328
TNS   : 0.000

Type  : Fast 1100mV 0C Model Recovery 'MOUSE:inst7|MOUSE_CLK_FILTER'
Slack : -3.217
TNS   : -50.601

Type  : Fast 1100mV 0C Model Removal 'MOUSE:inst7|MOUSE_CLK_FILTER'
Slack : 3.010
TNS   : 0.000

Type  : Fast 1100mV 0C Model Minimum Pulse Width 'VGA_SYNC_12:inst13|vert_sync_out'
Slack : 0.029
TNS   : 0.000

Type  : Fast 1100mV 0C Model Minimum Pulse Width 'MOUSE:inst7|MOUSE_CLK_FILTER'
Slack : 0.117
TNS   : 0.000

Type  : Fast 1100mV 0C Model Minimum Pulse Width 'inst|pll_inst|altera_pll_i|general[0].gpll~FRACTIONAL_PLL|vcoph[0]'
Slack : 1.666
TNS   : 0.000

Type  : Fast 1100mV 0C Model Minimum Pulse Width 'CLOCK_50'
Slack : 9.632
TNS   : 0.000

Type  : Fast 1100mV 0C Model Minimum Pulse Width 'inst|pll_inst|altera_pll_i|general[0].gpll~PLL_OUTPUT_COUNTER|divclk'
Slack : 18.894
TNS   : 0.000

------------------------------------------------------------
