------------------------------------------------------------
Timing Analyzer Summary
------------------------------------------------------------

Type  : Slow 1100mV 85C Model Setup 'CLOCK_50'
Slack : -5.567
TNS   : -180.741

Type  : Slow 1100mV 85C Model Setup 'Clock_Divider:CLOCK_25mhz|clk_out'
Slack : -3.838
TNS   : -200.022

Type  : Slow 1100mV 85C Model Hold 'Clock_Divider:CLOCK_25mhz|clk_out'
Slack : 0.381
TNS   : 0.000

Type  : Slow 1100mV 85C Model Hold 'CLOCK_50'
Slack : 0.441
TNS   : 0.000

Type  : Slow 1100mV 85C Model Minimum Pulse Width 'Clock_Divider:CLOCK_25mhz|clk_out'
Slack : -2.636
TNS   : -89.196

Type  : Slow 1100mV 85C Model Minimum Pulse Width 'CLOCK_50'
Slack : -0.623
TNS   : -26.538

Type  : Slow 1100mV 0C Model Setup 'CLOCK_50'
Slack : -5.645
TNS   : -184.420

Type  : Slow 1100mV 0C Model Setup 'Clock_Divider:CLOCK_25mhz|clk_out'
Slack : -3.787
TNS   : -197.706

Type  : Slow 1100mV 0C Model Hold 'Clock_Divider:CLOCK_25mhz|clk_out'
Slack : 0.392
TNS   : 0.000

Type  : Slow 1100mV 0C Model Hold 'CLOCK_50'
Slack : 0.445
TNS   : 0.000

Type  : Slow 1100mV 0C Model Minimum Pulse Width 'Clock_Divider:CLOCK_25mhz|clk_out'
Slack : -2.636
TNS   : -88.952

Type  : Slow 1100mV 0C Model Minimum Pulse Width 'CLOCK_50'
Slack : -0.677
TNS   : -28.159

Type  : Fast 1100mV 85C Model Setup 'CLOCK_50'
Slack : -2.109
TNS   : -66.965

Type  : Fast 1100mV 85C Model Setup 'Clock_Divider:CLOCK_25mhz|clk_out'
Slack : -1.616
TNS   : -74.263

Type  : Fast 1100mV 85C Model Hold 'Clock_Divider:CLOCK_25mhz|clk_out'
Slack : 0.148
TNS   : 0.000

Type  : Fast 1100mV 85C Model Hold 'CLOCK_50'
Slack : 0.158
TNS   : 0.000

Type  : Fast 1100mV 85C Model Minimum Pulse Width 'Clock_Divider:CLOCK_25mhz|clk_out'
Slack : -2.174
TNS   : -31.002

Type  : Fast 1100mV 85C Model Minimum Pulse Width 'CLOCK_50'
Slack : -0.586
TNS   : -3.785

Type  : Fast 1100mV 0C Model Setup 'CLOCK_50'
Slack : -1.907
TNS   : -60.703

Type  : Fast 1100mV 0C Model Setup 'Clock_Divider:CLOCK_25mhz|clk_out'
Slack : -1.539
TNS   : -65.251

Type  : Fast 1100mV 0C Model Hold 'Clock_Divider:CLOCK_25mhz|clk_out'
Slack : 0.134
TNS   : 0.000

Type  : Fast 1100mV 0C Model Hold 'CLOCK_50'
Slack : 0.188
TNS   : 0.000

Type  : Fast 1100mV 0C Model Minimum Pulse Width 'Clock_Divider:CLOCK_25mhz|clk_out'
Slack : -2.174
TNS   : -30.916

Type  : Fast 1100mV 0C Model Minimum Pulse Width 'CLOCK_50'
Slack : -0.567
TNS   : -3.787

------------------------------------------------------------
