------------------------------------------------------------
Timing Analyzer Summary
------------------------------------------------------------

Type  : Slow 1100mV 85C Model Setup 'CLOCK_50'
Slack : -5.294
TNS   : -173.586

Type  : Slow 1100mV 85C Model Setup 'Clock_Divider:CLOCK_25mhz|clk_out'
Slack : -3.643
TNS   : -213.184

Type  : Slow 1100mV 85C Model Hold 'CLOCK_50'
Slack : 0.439
TNS   : 0.000

Type  : Slow 1100mV 85C Model Hold 'Clock_Divider:CLOCK_25mhz|clk_out'
Slack : 0.726
TNS   : 0.000

Type  : Slow 1100mV 85C Model Minimum Pulse Width 'Clock_Divider:CLOCK_25mhz|clk_out'
Slack : -2.636
TNS   : -88.506

Type  : Slow 1100mV 85C Model Minimum Pulse Width 'CLOCK_50'
Slack : -0.538
TNS   : -26.438

Type  : Slow 1100mV 0C Model Setup 'CLOCK_50'
Slack : -5.354
TNS   : -176.599

Type  : Slow 1100mV 0C Model Setup 'Clock_Divider:CLOCK_25mhz|clk_out'
Slack : -3.706
TNS   : -212.126

Type  : Slow 1100mV 0C Model Hold 'CLOCK_50'
Slack : 0.446
TNS   : 0.000

Type  : Slow 1100mV 0C Model Hold 'Clock_Divider:CLOCK_25mhz|clk_out'
Slack : 0.725
TNS   : 0.000

Type  : Slow 1100mV 0C Model Minimum Pulse Width 'Clock_Divider:CLOCK_25mhz|clk_out'
Slack : -2.636
TNS   : -88.142

Type  : Slow 1100mV 0C Model Minimum Pulse Width 'CLOCK_50'
Slack : -0.538
TNS   : -27.651

Type  : Fast 1100mV 85C Model Setup 'CLOCK_50'
Slack : -1.997
TNS   : -65.251

Type  : Fast 1100mV 85C Model Setup 'Clock_Divider:CLOCK_25mhz|clk_out'
Slack : -1.475
TNS   : -81.505

Type  : Fast 1100mV 85C Model Hold 'CLOCK_50'
Slack : 0.198
TNS   : 0.000

Type  : Fast 1100mV 85C Model Hold 'Clock_Divider:CLOCK_25mhz|clk_out'
Slack : 0.251
TNS   : 0.000

Type  : Fast 1100mV 85C Model Minimum Pulse Width 'Clock_Divider:CLOCK_25mhz|clk_out'
Slack : -2.174
TNS   : -30.962

Type  : Fast 1100mV 85C Model Minimum Pulse Width 'CLOCK_50'
Slack : -0.460
TNS   : -3.541

Type  : Fast 1100mV 0C Model Setup 'CLOCK_50'
Slack : -1.802
TNS   : -59.050

Type  : Fast 1100mV 0C Model Setup 'Clock_Divider:CLOCK_25mhz|clk_out'
Slack : -1.410
TNS   : -72.094

Type  : Fast 1100mV 0C Model Hold 'CLOCK_50'
Slack : 0.187
TNS   : 0.000

Type  : Fast 1100mV 0C Model Hold 'Clock_Divider:CLOCK_25mhz|clk_out'
Slack : 0.231
TNS   : 0.000

Type  : Fast 1100mV 0C Model Minimum Pulse Width 'Clock_Divider:CLOCK_25mhz|clk_out'
Slack : -2.174
TNS   : -30.916

Type  : Fast 1100mV 0C Model Minimum Pulse Width 'CLOCK_50'
Slack : -0.457
TNS   : -3.587

------------------------------------------------------------
