------------------------------------------------------------
Timing Analyzer Summary
------------------------------------------------------------

Type  : Slow 1100mV 85C Model Setup 'MOUSE:inst7|MOUSE_CLK_FILTER'
Slack : -8.322
TNS   : -273.304

Type  : Slow 1100mV 85C Model Setup 'inst|pll_inst|altera_pll_i|general[0].gpll~PLL_OUTPUT_COUNTER|divclk'
Slack : -5.578
TNS   : -115.348

Type  : Slow 1100mV 85C Model Setup 'VGA_SYNC_12:inst2|vert_sync_out'
Slack : -3.428
TNS   : -70.954

Type  : Slow 1100mV 85C Model Hold 'inst|pll_inst|altera_pll_i|general[0].gpll~PLL_OUTPUT_COUNTER|divclk'
Slack : 0.327
TNS   : 0.000

Type  : Slow 1100mV 85C Model Hold 'MOUSE:inst7|MOUSE_CLK_FILTER'
Slack : 0.637
TNS   : 0.000

Type  : Slow 1100mV 85C Model Hold 'VGA_SYNC_12:inst2|vert_sync_out'
Slack : 0.750
TNS   : 0.000

Type  : Slow 1100mV 85C Model Recovery 'MOUSE:inst7|MOUSE_CLK_FILTER'
Slack : -6.842
TNS   : -109.358

Type  : Slow 1100mV 85C Model Removal 'MOUSE:inst7|MOUSE_CLK_FILTER'
Slack : 5.770
TNS   : 0.000

Type  : Slow 1100mV 85C Model Minimum Pulse Width 'MOUSE:inst7|MOUSE_CLK_FILTER'
Slack : -0.538
TNS   : -27.558

Type  : Slow 1100mV 85C Model Minimum Pulse Width 'VGA_SYNC_12:inst2|vert_sync_out'
Slack : -0.538
TNS   : -20.027

Type  : Slow 1100mV 85C Model Minimum Pulse Width 'inst|pll_inst|altera_pll_i|general[0].gpll~FRACTIONAL_PLL|vcoph[0]'
Slack : 1.666
TNS   : 0.000

Type  : Slow 1100mV 85C Model Minimum Pulse Width 'CLOCK_50'
Slack : 9.949
TNS   : 0.000

Type  : Slow 1100mV 85C Model Minimum Pulse Width 'inst|pll_inst|altera_pll_i|general[0].gpll~PLL_OUTPUT_COUNTER|divclk'
Slack : 18.590
TNS   : 0.000

Type  : Slow 1100mV 0C Model Setup 'MOUSE:inst7|MOUSE_CLK_FILTER'
Slack : -8.346
TNS   : -269.631

Type  : Slow 1100mV 0C Model Setup 'inst|pll_inst|altera_pll_i|general[0].gpll~PLL_OUTPUT_COUNTER|divclk'
Slack : -5.017
TNS   : -102.535

Type  : Slow 1100mV 0C Model Setup 'VGA_SYNC_12:inst2|vert_sync_out'
Slack : -3.558
TNS   : -71.672

Type  : Slow 1100mV 0C Model Hold 'inst|pll_inst|altera_pll_i|general[0].gpll~PLL_OUTPUT_COUNTER|divclk'
Slack : 0.073
TNS   : 0.000

Type  : Slow 1100mV 0C Model Hold 'MOUSE:inst7|MOUSE_CLK_FILTER'
Slack : 0.616
TNS   : 0.000

Type  : Slow 1100mV 0C Model Hold 'VGA_SYNC_12:inst2|vert_sync_out'
Slack : 0.718
TNS   : 0.000

Type  : Slow 1100mV 0C Model Recovery 'MOUSE:inst7|MOUSE_CLK_FILTER'
Slack : -6.801
TNS   : -108.683

Type  : Slow 1100mV 0C Model Removal 'MOUSE:inst7|MOUSE_CLK_FILTER'
Slack : 5.903
TNS   : 0.000

Type  : Slow 1100mV 0C Model Minimum Pulse Width 'MOUSE:inst7|MOUSE_CLK_FILTER'
Slack : -0.538
TNS   : -27.598

Type  : Slow 1100mV 0C Model Minimum Pulse Width 'VGA_SYNC_12:inst2|vert_sync_out'
Slack : -0.538
TNS   : -19.518

Type  : Slow 1100mV 0C Model Minimum Pulse Width 'inst|pll_inst|altera_pll_i|general[0].gpll~FRACTIONAL_PLL|vcoph[0]'
Slack : 1.666
TNS   : 0.000

Type  : Slow 1100mV 0C Model Minimum Pulse Width 'CLOCK_50'
Slack : 9.980
TNS   : 0.000

Type  : Slow 1100mV 0C Model Minimum Pulse Width 'inst|pll_inst|altera_pll_i|general[0].gpll~PLL_OUTPUT_COUNTER|divclk'
Slack : 18.556
TNS   : 0.000

Type  : Fast 1100mV 85C Model Setup 'MOUSE:inst7|MOUSE_CLK_FILTER'
Slack : -3.907
TNS   : -124.851

Type  : Fast 1100mV 85C Model Setup 'inst|pll_inst|altera_pll_i|general[0].gpll~PLL_OUTPUT_COUNTER|divclk'
Slack : -3.789
TNS   : -76.623

Type  : Fast 1100mV 85C Model Setup 'VGA_SYNC_12:inst2|vert_sync_out'
Slack : -1.394
TNS   : -28.425

Type  : Fast 1100mV 85C Model Hold 'inst|pll_inst|altera_pll_i|general[0].gpll~PLL_OUTPUT_COUNTER|divclk'
Slack : 0.168
TNS   : 0.000

Type  : Fast 1100mV 85C Model Hold 'MOUSE:inst7|MOUSE_CLK_FILTER'
Slack : 0.202
TNS   : 0.000

Type  : Fast 1100mV 85C Model Hold 'VGA_SYNC_12:inst2|vert_sync_out'
Slack : 0.296
TNS   : 0.000

Type  : Fast 1100mV 85C Model Recovery 'MOUSE:inst7|MOUSE_CLK_FILTER'
Slack : -3.082
TNS   : -49.259

Type  : Fast 1100mV 85C Model Removal 'MOUSE:inst7|MOUSE_CLK_FILTER'
Slack : 2.887
TNS   : 0.000

Type  : Fast 1100mV 85C Model Minimum Pulse Width 'MOUSE:inst7|MOUSE_CLK_FILTER'
Slack : -0.029
TNS   : -0.029

Type  : Fast 1100mV 85C Model Minimum Pulse Width 'VGA_SYNC_12:inst2|vert_sync_out'
Slack : 0.018
TNS   : 0.000

Type  : Fast 1100mV 85C Model Minimum Pulse Width 'inst|pll_inst|altera_pll_i|general[0].gpll~FRACTIONAL_PLL|vcoph[0]'
Slack : 1.666
TNS   : 0.000

Type  : Fast 1100mV 85C Model Minimum Pulse Width 'CLOCK_50'
Slack : 9.643
TNS   : 0.000

Type  : Fast 1100mV 85C Model Minimum Pulse Width 'inst|pll_inst|altera_pll_i|general[0].gpll~PLL_OUTPUT_COUNTER|divclk'
Slack : 18.888
TNS   : 0.000

Type  : Fast 1100mV 0C Model Setup 'MOUSE:inst7|MOUSE_CLK_FILTER'
Slack : -3.755
TNS   : -120.018

Type  : Fast 1100mV 0C Model Setup 'inst|pll_inst|altera_pll_i|general[0].gpll~PLL_OUTPUT_COUNTER|divclk'
Slack : -2.988
TNS   : -58.287

Type  : Fast 1100mV 0C Model Setup 'VGA_SYNC_12:inst2|vert_sync_out'
Slack : -1.194
TNS   : -24.673

Type  : Fast 1100mV 0C Model Hold 'inst|pll_inst|altera_pll_i|general[0].gpll~PLL_OUTPUT_COUNTER|divclk'
Slack : -0.056
TNS   : -0.056

Type  : Fast 1100mV 0C Model Hold 'MOUSE:inst7|MOUSE_CLK_FILTER'
Slack : 0.212
TNS   : 0.000

Type  : Fast 1100mV 0C Model Hold 'VGA_SYNC_12:inst2|vert_sync_out'
Slack : 0.254
TNS   : 0.000

Type  : Fast 1100mV 0C Model Recovery 'MOUSE:inst7|MOUSE_CLK_FILTER'
Slack : -2.996
TNS   : -47.903

Type  : Fast 1100mV 0C Model Removal 'MOUSE:inst7|MOUSE_CLK_FILTER'
Slack : 2.862
TNS   : 0.000

Type  : Fast 1100mV 0C Model Minimum Pulse Width 'MOUSE:inst7|MOUSE_CLK_FILTER'
Slack : 0.005
TNS   : 0.000

Type  : Fast 1100mV 0C Model Minimum Pulse Width 'VGA_SYNC_12:inst2|vert_sync_out'
Slack : 0.049
TNS   : 0.000

Type  : Fast 1100mV 0C Model Minimum Pulse Width 'inst|pll_inst|altera_pll_i|general[0].gpll~FRACTIONAL_PLL|vcoph[0]'
Slack : 1.666
TNS   : 0.000

Type  : Fast 1100mV 0C Model Minimum Pulse Width 'CLOCK_50'
Slack : 9.632
TNS   : 0.000

Type  : Fast 1100mV 0C Model Minimum Pulse Width 'inst|pll_inst|altera_pll_i|general[0].gpll~PLL_OUTPUT_COUNTER|divclk'
Slack : 18.890
TNS   : 0.000

------------------------------------------------------------
