------------------------------------------------------------
Timing Analyzer Summary
------------------------------------------------------------

Type  : Slow 1100mV 85C Model Setup 'MOUSE:inst7|MOUSE_CLK_FILTER'
Slack : -8.098
TNS   : -263.484

Type  : Slow 1100mV 85C Model Setup 'inst|pll_inst|altera_pll_i|general[0].gpll~PLL_OUTPUT_COUNTER|divclk'
Slack : -5.338
TNS   : -100.761

Type  : Slow 1100mV 85C Model Setup 'VGA_SYNC_12:inst2|vert_sync_out'
Slack : -4.102
TNS   : -89.023

Type  : Slow 1100mV 85C Model Hold 'inst|pll_inst|altera_pll_i|general[0].gpll~PLL_OUTPUT_COUNTER|divclk'
Slack : -5.317
TNS   : -18.066

Type  : Slow 1100mV 85C Model Hold 'MOUSE:inst7|MOUSE_CLK_FILTER'
Slack : 0.548
TNS   : 0.000

Type  : Slow 1100mV 85C Model Hold 'VGA_SYNC_12:inst2|vert_sync_out'
Slack : 1.074
TNS   : 0.000

Type  : Slow 1100mV 85C Model Recovery 'MOUSE:inst7|MOUSE_CLK_FILTER'
Slack : -6.810
TNS   : -103.848

Type  : Slow 1100mV 85C Model Removal 'MOUSE:inst7|MOUSE_CLK_FILTER'
Slack : 5.334
TNS   : 0.000

Type  : Slow 1100mV 85C Model Minimum Pulse Width 'MOUSE:inst7|MOUSE_CLK_FILTER'
Slack : -0.538
TNS   : -27.868

Type  : Slow 1100mV 85C Model Minimum Pulse Width 'VGA_SYNC_12:inst2|vert_sync_out'
Slack : -0.538
TNS   : -22.143

Type  : Slow 1100mV 85C Model Minimum Pulse Width 'inst|pll_inst|altera_pll_i|general[0].gpll~FRACTIONAL_PLL|vcoph[0]'
Slack : 1.666
TNS   : 0.000

Type  : Slow 1100mV 85C Model Minimum Pulse Width 'CLOCK_50'
Slack : 9.949
TNS   : 0.000

Type  : Slow 1100mV 85C Model Minimum Pulse Width 'inst|pll_inst|altera_pll_i|general[0].gpll~PLL_OUTPUT_COUNTER|divclk'
Slack : 18.588
TNS   : 0.000

Type  : Slow 1100mV 0C Model Setup 'MOUSE:inst7|MOUSE_CLK_FILTER'
Slack : -8.097
TNS   : -259.588

Type  : Slow 1100mV 0C Model Setup 'inst|pll_inst|altera_pll_i|general[0].gpll~PLL_OUTPUT_COUNTER|divclk'
Slack : -4.714
TNS   : -89.124

Type  : Slow 1100mV 0C Model Setup 'VGA_SYNC_12:inst2|vert_sync_out'
Slack : -4.085
TNS   : -90.583

Type  : Slow 1100mV 0C Model Hold 'inst|pll_inst|altera_pll_i|general[0].gpll~PLL_OUTPUT_COUNTER|divclk'
Slack : -5.371
TNS   : -20.832

Type  : Slow 1100mV 0C Model Hold 'MOUSE:inst7|MOUSE_CLK_FILTER'
Slack : 0.580
TNS   : 0.000

Type  : Slow 1100mV 0C Model Hold 'VGA_SYNC_12:inst2|vert_sync_out'
Slack : 1.077
TNS   : 0.000

Type  : Slow 1100mV 0C Model Recovery 'MOUSE:inst7|MOUSE_CLK_FILTER'
Slack : -6.812
TNS   : -103.541

Type  : Slow 1100mV 0C Model Removal 'MOUSE:inst7|MOUSE_CLK_FILTER'
Slack : 5.525
TNS   : 0.000

Type  : Slow 1100mV 0C Model Minimum Pulse Width 'MOUSE:inst7|MOUSE_CLK_FILTER'
Slack : -0.538
TNS   : -27.528

Type  : Slow 1100mV 0C Model Minimum Pulse Width 'VGA_SYNC_12:inst2|vert_sync_out'
Slack : -0.538
TNS   : -21.997

Type  : Slow 1100mV 0C Model Minimum Pulse Width 'inst|pll_inst|altera_pll_i|general[0].gpll~FRACTIONAL_PLL|vcoph[0]'
Slack : 1.666
TNS   : 0.000

Type  : Slow 1100mV 0C Model Minimum Pulse Width 'CLOCK_50'
Slack : 9.980
TNS   : 0.000

Type  : Slow 1100mV 0C Model Minimum Pulse Width 'inst|pll_inst|altera_pll_i|general[0].gpll~PLL_OUTPUT_COUNTER|divclk'
Slack : 18.558
TNS   : 0.000

Type  : Fast 1100mV 85C Model Setup 'MOUSE:inst7|MOUSE_CLK_FILTER'
Slack : -3.833
TNS   : -120.058

Type  : Fast 1100mV 85C Model Setup 'inst|pll_inst|altera_pll_i|general[0].gpll~PLL_OUTPUT_COUNTER|divclk'
Slack : -3.546
TNS   : -61.293

Type  : Fast 1100mV 85C Model Setup 'VGA_SYNC_12:inst2|vert_sync_out'
Slack : -2.156
TNS   : -38.531

Type  : Fast 1100mV 85C Model Hold 'inst|pll_inst|altera_pll_i|general[0].gpll~PLL_OUTPUT_COUNTER|divclk'
Slack : -2.433
TNS   : -8.065

Type  : Fast 1100mV 85C Model Hold 'MOUSE:inst7|MOUSE_CLK_FILTER'
Slack : 0.132
TNS   : 0.000

Type  : Fast 1100mV 85C Model Hold 'VGA_SYNC_12:inst2|vert_sync_out'
Slack : 0.509
TNS   : 0.000

Type  : Fast 1100mV 85C Model Recovery 'MOUSE:inst7|MOUSE_CLK_FILTER'
Slack : -3.104
TNS   : -45.820

Type  : Fast 1100mV 85C Model Removal 'MOUSE:inst7|MOUSE_CLK_FILTER'
Slack : 2.616
TNS   : 0.000

Type  : Fast 1100mV 85C Model Minimum Pulse Width 'MOUSE:inst7|MOUSE_CLK_FILTER'
Slack : 0.027
TNS   : 0.000

Type  : Fast 1100mV 85C Model Minimum Pulse Width 'VGA_SYNC_12:inst2|vert_sync_out'
Slack : 0.046
TNS   : 0.000

Type  : Fast 1100mV 85C Model Minimum Pulse Width 'inst|pll_inst|altera_pll_i|general[0].gpll~FRACTIONAL_PLL|vcoph[0]'
Slack : 1.666
TNS   : 0.000

Type  : Fast 1100mV 85C Model Minimum Pulse Width 'CLOCK_50'
Slack : 9.643
TNS   : 0.000

Type  : Fast 1100mV 85C Model Minimum Pulse Width 'inst|pll_inst|altera_pll_i|general[0].gpll~PLL_OUTPUT_COUNTER|divclk'
Slack : 18.888
TNS   : 0.000

Type  : Fast 1100mV 0C Model Setup 'MOUSE:inst7|MOUSE_CLK_FILTER'
Slack : -3.679
TNS   : -115.304

Type  : Fast 1100mV 0C Model Setup 'inst|pll_inst|altera_pll_i|general[0].gpll~PLL_OUTPUT_COUNTER|divclk'
Slack : -2.778
TNS   : -45.640

Type  : Fast 1100mV 0C Model Setup 'VGA_SYNC_12:inst2|vert_sync_out'
Slack : -1.914
TNS   : -33.753

Type  : Fast 1100mV 0C Model Hold 'inst|pll_inst|altera_pll_i|general[0].gpll~PLL_OUTPUT_COUNTER|divclk'
Slack : -2.394
TNS   : -10.195

Type  : Fast 1100mV 0C Model Hold 'MOUSE:inst7|MOUSE_CLK_FILTER'
Slack : 0.136
TNS   : 0.000

Type  : Fast 1100mV 0C Model Hold 'VGA_SYNC_12:inst2|vert_sync_out'
Slack : 0.462
TNS   : 0.000

Type  : Fast 1100mV 0C Model Recovery 'MOUSE:inst7|MOUSE_CLK_FILTER'
Slack : -3.013
TNS   : -44.662

Type  : Fast 1100mV 0C Model Removal 'MOUSE:inst7|MOUSE_CLK_FILTER'
Slack : 2.626
TNS   : 0.000

Type  : Fast 1100mV 0C Model Minimum Pulse Width 'MOUSE:inst7|MOUSE_CLK_FILTER'
Slack : 0.034
TNS   : 0.000

Type  : Fast 1100mV 0C Model Minimum Pulse Width 'VGA_SYNC_12:inst2|vert_sync_out'
Slack : 0.072
TNS   : 0.000

Type  : Fast 1100mV 0C Model Minimum Pulse Width 'inst|pll_inst|altera_pll_i|general[0].gpll~FRACTIONAL_PLL|vcoph[0]'
Slack : 1.666
TNS   : 0.000

Type  : Fast 1100mV 0C Model Minimum Pulse Width 'CLOCK_50'
Slack : 9.632
TNS   : 0.000

Type  : Fast 1100mV 0C Model Minimum Pulse Width 'inst|pll_inst|altera_pll_i|general[0].gpll~PLL_OUTPUT_COUNTER|divclk'
Slack : 18.889
TNS   : 0.000

------------------------------------------------------------
